[ Info: wrote 41472 rows → /Users/jaeminahn/Desktop/development/Cantor/results/v3/raw/v3_synthetic_joint.csv
fitting L9_minimax on the disjoint DEV grid (60 candidates)...
  best DEV worst-case graded R = 0.6500   weights = [0.125, 0.125, 0.125, 0.125, 0.125, 0.125, 0.125, 0.125]
32 controller instances, 9 Δ × 6 ε × 4 attacks × 2 x0 × 3 budgets

matching gains to REALISED budget (V3 fairness constraint)...
  achieved realised rms action (target → mean achieved over seeds):
    target 0.15  L1_constant          0.1491  (dev -0.6%)
    target 0.15  L2_narrow_central    0.1493  (dev -0.5%)
    target 0.15  L3_wide_central      0.1494  (dev -0.4%)
    target 0.15  L4_periodic          0.1509  (dev +0.6%)
    target 0.15  L5_random            0.1513  (dev +0.9%)
    target 0.15  L6_shuffled          0.1499  (dev -0.1%)
    target 0.15  L7_center_anchored   0.1509  (dev +0.6%)
    target 0.15  L8_cantor            0.1530  (dev +2.0%)
    target 0.15  L9_minimax           0.1484  (dev -1.0%)
    target 0.15  L10_spline           0.1484  (dev -1.0%)
    target 0.30  L1_constant          0.3019  (dev +0.6%)
    target 0.30  L2_narrow_central    0.3033  (dev +1.1%)
    target 0.30  L3_wide_central      0.2988  (dev -0.4%)
    target 0.30  L4_periodic          0.3005  (dev +0.2%)
    target 0.30  L5_random            0.2995  (dev -0.2%)
    target 0.30  L6_shuffled          0.3017  (dev +0.6%)
    target 0.30  L7_center_anchored   0.3016  (dev +0.5%)
    target 0.30  L8_cantor            0.2951  (dev -1.6%)
    target 0.30  L9_minimax           0.2995  (dev -0.2%)
    target 0.30  L10_spline           0.2995  (dev -0.2%)
    target 0.60  L1_constant          0.5923  (dev -1.3%)
    target 0.60  L2_narrow_central    0.6062  (dev +1.0%)
    target 0.60  L3_wide_central      0.5957  (dev -0.7%)
    target 0.60  L4_periodic          0.6084  (dev +1.4%)
    target 0.60  L5_random            0.6040  (dev +0.7%)
    target 0.60  L6_shuffled          0.5991  (dev -0.1%)
    target 0.60  L7_center_anchored   0.5967  (dev -0.5%)
    target 0.60  L8_cantor            0.6003  (dev +0.0%)
    target 0.60  L9_minimax           0.6011  (dev +0.2%)
    target 0.60  L10_spline           0.6011  (dev +0.2%)

sweep: 41472 simulations on 8 threads
elapsed 151.1 s (3.64 ms/sim)

====================================================================================================
PRIMARY ENDPOINT — R_worst = min over (Δ, ε, attack) of GRADED safe_frac
(pre-registered in configs/v3/synthetic.toml)
====================================================================================================

--- realised budget target 0.15 ---
controller                R_worst     R_mean  AUC_joint  Rw_binary    worst Δ
L0_none                    0.0438     0.6315     0.6077     0.0000     -0.155
L1_constant                0.0531     0.7980     0.7995     0.0000     -0.017
L2_narrow_central          0.0438     0.7835     0.7833     0.0000     -0.155
L3_wide_central            0.0488     0.7946     0.7959     0.0000     -0.051
L4_periodic                0.0450     0.7605     0.7561     0.0000     -0.155
L5_random                  0.0473     0.7772     0.7759     0.0000     -0.155
L6_shuffled                0.0475     0.7720     0.7692     0.0000      0.155
L7_center_anchored         0.0467     0.7695     0.7672     0.0000      0.017
L8_cantor                  0.0462     0.7720     0.7702     0.0000      0.000
L9_minimax                 0.0488     0.7924     0.7933     0.0000      0.017
L10_spline                 0.0488     0.7924     0.7933     0.0000      0.017

--- realised budget target 0.3 ---
controller                R_worst     R_mean  AUC_joint  Rw_binary    worst Δ
L0_none                    0.0438     0.6315     0.6077     0.0000     -0.155
L1_constant                0.3331     0.8368     0.8439     0.0000     -0.155
L2_narrow_central          0.0819     0.8155     0.8199     0.0000     -0.155
L3_wide_central            0.2606     0.8323     0.8397     0.0000     -0.155
L4_periodic                0.0462     0.7862     0.7863     0.0000     -0.155
L5_random                  0.0545     0.8093     0.8135     0.0000      0.155
L6_shuffled                0.0533     0.8077     0.8115     0.0000      0.051
L7_center_anchored         0.0505     0.8061     0.8102     0.0000      0.155
L8_cantor                  0.0500     0.8067     0.8111     0.0000      0.000
L9_minimax                 0.0700     0.8207     0.8254     0.0000      0.155
L10_spline                 0.0700     0.8207     0.8254     0.0000      0.155

--- realised budget target 0.6 ---
controller                R_worst     R_mean  AUC_joint  Rw_binary    worst Δ
L0_none                    0.0438     0.6315     0.6077     0.0000     -0.155
L1_constant                0.5244     0.8869     0.9008     0.0000     -0.155
L2_narrow_central          0.2356     0.8562     0.8685     0.0000     -0.155
L3_wide_central            0.4387     0.8790     0.8923     0.0000      0.094
L4_periodic                0.0462     0.7870     0.7870     0.0000     -0.155
L5_random                  0.1475     0.8224     0.8288     0.0000      0.155
L6_shuffled                0.1038     0.8212     0.8270     0.0000      0.017
L7_center_anchored         0.0545     0.8115     0.8165     0.0000      0.051
L8_cantor                  0.0500     0.8094     0.8141     0.0000      0.000
L9_minimax                 0.5244     0.8795     0.8936     0.0000      0.155
L10_spline                 0.5244     0.8795     0.8936     0.0000      0.155

done.
