[ Info: wrote table → /Users/jaeminahn/Desktop/development/Cantor/results/tables/ablation_stats.csv
[ Info: wrote table → /Users/jaeminahn/Desktop/development/Cantor/results/tables/ablation_delta_grid.csv
============================================================================================================
Cantor (G1) minus measure-matched control — metric R_safe (higher = better)
Δ>0 means the Cantor ARRANGEMENT helps beyond its measure.
============================================================================================================
control          n    #cond      meanΔ    medianΔ   95% bootstrap CI   frac Δ>0     pctile
G2_random        1      225    +0.1350    +0.1630  [+0.1229,+0.1474]      0.933       68.5
G2_random        2      225    +0.0010    +0.0016  [-0.0008,+0.0027]      0.551       58.5
G2_random        3      225    -0.0005    +0.0000  [-0.0019,+0.0007]      0.449       59.5
G2_random        4      225    -0.0009    +0.0000  [-0.0022,+0.0001]      0.431       60.7
G2_random        5      225    +0.0001    +0.0000  [-0.0010,+0.0010]      0.453       65.1
G2_random        6      225    +0.0013    +0.0000  [+0.0004,+0.0021]      0.480       67.8
G2_random        7      225    +0.0019    +0.0003  [+0.0009,+0.0028]      0.511       70.3
G2_random        8      225    +0.0011    +0.0000  [+0.0000,+0.0020]      0.484       65.2
G5_shuffled      1      225    +0.0000    +0.0000  [-0.0000,+0.0000]      0.236       50.0
G5_shuffled      2      225    -0.0013    +0.0000  [-0.0026,-0.0001]      0.418       53.1
G5_shuffled      3      225    -0.0024    +0.0000  [-0.0041,-0.0010]      0.409       57.9
G5_shuffled      4      225    -0.0039    +0.0000  [-0.0057,-0.0022]      0.329       56.3
G5_shuffled      5      225    -0.0045    +0.0000  [-0.0063,-0.0029]      0.307       54.2
G5_shuffled      6      225    -0.0051    +0.0000  [-0.0067,-0.0035]      0.284       51.5
G5_shuffled      7      225    -0.0053    +0.0000  [-0.0070,-0.0038]      0.236       49.4
G5_shuffled      8      225    -0.0057    +0.0000  [-0.0075,-0.0041]      0.244       47.5
G3_periodic      1      225    +0.0025    +0.0000  [+0.0003,+0.0051]      0.231       47.8
G3_periodic      2      225    +0.0101    +0.0005  [+0.0075,+0.0130]      0.502       62.7
G3_periodic      3      225    +0.0007    +0.0004  [-0.0002,+0.0014]      0.538       71.8
G3_periodic      4      225    -0.0005    +0.0000  [-0.0027,+0.0013]      0.493       67.6
G3_periodic      5      225    +0.0028    +0.0009  [+0.0021,+0.0034]      0.538       71.8
G3_periodic      6      225    +0.0021    +0.0009  [+0.0008,+0.0031]      0.569       75.1
G3_periodic      7      225    +0.0028    +0.0006  [+0.0016,+0.0039]      0.556       73.6
G3_periodic      8      225    +0.0010    +0.0000  [-0.0001,+0.0018]      0.471       65.1
G4_central       1      225    +0.0000    +0.0000  [+0.0000,+0.0000]      0.000       50.0
G4_central       2      225    -0.0000    +0.0000  [-0.0035,+0.0030]      0.462       64.2
G4_central       3      225    -0.0046    +0.0000  [-0.0083,-0.0014]      0.391       57.1
G4_central       4      225    -0.0085    +0.0000  [-0.0121,-0.0052]      0.289       46.9
G4_central       5      225    -0.0110    +0.0000  [-0.0147,-0.0076]      0.244       42.4
G4_central       6      225    -0.0127    +0.0000  [-0.0162,-0.0091]      0.222       40.2
G4_central       7      225    -0.0138    +0.0000  [-0.0175,-0.0104]      0.191       37.1
G4_central       8      225    -0.0133    +0.0000  [-0.0170,-0.0098]      0.187       36.7

============================================================================================================
VERDICT — is the Cantor arrangement better than a measure-matched control?
============================================================================================================
  vs G2_random       pooled meanΔ = +0.0174   SIGN VARIES with n
  vs G5_shuffled     pooled meanΔ = -0.0035   SIGN VARIES with n
  vs G3_periodic     pooled meanΔ = +0.0027   SIGN VARIES with n
  vs G4_central      pooled meanΔ = -0.0080   SIGN VARIES with n

done.
