┌ Warning: Verbosity toggle: max_iters 
│  Interrupted. Larger maxiters is needed. If you are using an integrator for non-stiff ODEs or an automatic switching algorithm (the default), you may want to consider using a method for stiff equations. See the solver pages for more details (e.g. https://docs.sciml.ai/DiffEqDocs/stable/solvers/ode_solve/#Stiff-Problems).
│ 
│ Diagnostics:
│ 
│ Error Analysis:
│   step error estimate EEst = 3.098 (a step is accepted when EEst <= 1)
│   largest contributors to EEst = internalnorm(atmp), where atmp is the tolerance-weighted local error per state component:
│     atmp[1] = -3.098, u[1] = 0.2222, uprev[1] = 0.2222
└ @ DiffEqBase ~/.julia/packages/DiffEqBase/Vzzme/src/check_error.jl:20
┌ Warning: Verbosity toggle: max_iters 
│  Interrupted. Larger maxiters is needed. If you are using an integrator for non-stiff ODEs or an automatic switching algorithm (the default), you may want to consider using a method for stiff equations. See the solver pages for more details (e.g. https://docs.sciml.ai/DiffEqDocs/stable/solvers/ode_solve/#Stiff-Problems).
│ 
│ Diagnostics:
│ 
│ Error Analysis:
│   step error estimate EEst = 1.787 (a step is accepted when EEst <= 1)
│   largest contributors to EEst = internalnorm(atmp), where atmp is the tolerance-weighted local error per state component:
│     atmp[1] = -1.787, u[1] = 0.492, uprev[1] = 0.492
└ @ DiffEqBase ~/.julia/packages/DiffEqBase/Vzzme/src/check_error.jl:20
┌ Warning: Verbosity toggle: max_iters 
│  Interrupted. Larger maxiters is needed. If you are using an integrator for non-stiff ODEs or an automatic switching algorithm (the default), you may want to consider using a method for stiff equations. See the solver pages for more details (e.g. https://docs.sciml.ai/DiffEqDocs/stable/solvers/ode_solve/#Stiff-Problems).
│ 
│ Diagnostics:
│ 
│ Error Analysis:
│   step error estimate EEst = 2.692 (a step is accepted when EEst <= 1)
│   largest contributors to EEst = internalnorm(atmp), where atmp is the tolerance-weighted local error per state component:
│     atmp[1] = 2.692, u[1] = 0.492, uprev[1] = 0.492
└ @ DiffEqBase ~/.julia/packages/DiffEqBase/Vzzme/src/check_error.jl:20
┌ Warning: Verbosity toggle: max_iters 
│  Interrupted. Larger maxiters is needed. If you are using an integrator for non-stiff ODEs or an automatic switching algorithm (the default), you may want to consider using a method for stiff equations. See the solver pages for more details (e.g. https://docs.sciml.ai/DiffEqDocs/stable/solvers/ode_solve/#Stiff-Problems).
│ 
│ Diagnostics:
│ 
│ Error Analysis:
│   step error estimate EEst = 3.17 (a step is accepted when EEst <= 1)
│   largest contributors to EEst = internalnorm(atmp), where atmp is the tolerance-weighted local error per state component:
│     atmp[1] = -3.17, u[1] = 0.5291, uprev[1] = 0.5291
└ @ DiffEqBase ~/.julia/packages/DiffEqBase/Vzzme/src/check_error.jl:20
┌ Warning: Verbosity toggle: max_iters 
│  Interrupted. Larger maxiters is needed. If you are using an integrator for non-stiff ODEs or an automatic switching algorithm (the default), you may want to consider using a method for stiff equations. See the solver pages for more details (e.g. https://docs.sciml.ai/DiffEqDocs/stable/solvers/ode_solve/#Stiff-Problems).
│ 
│ Diagnostics:
│ 
│ Error Analysis:
│   step error estimate EEst = 1.336 (a step is accepted when EEst <= 1)
│   largest contributors to EEst = internalnorm(atmp), where atmp is the tolerance-weighted local error per state component:
│     atmp[1] = -1.336, u[1] = 0.5291, uprev[1] = 0.5291
└ @ DiffEqBase ~/.julia/packages/DiffEqBase/Vzzme/src/check_error.jl:20
┌ Warning: Verbosity toggle: max_iters 
│  Interrupted. Larger maxiters is needed. If you are using an integrator for non-stiff ODEs or an automatic switching algorithm (the default), you may want to consider using a method for stiff equations. See the solver pages for more details (e.g. https://docs.sciml.ai/DiffEqDocs/stable/solvers/ode_solve/#Stiff-Problems).
│ 
│ Diagnostics:
│ 
│ Error Analysis:
│   step error estimate EEst = 5.182 (a step is accepted when EEst <= 1)
│   largest contributors to EEst = internalnorm(atmp), where atmp is the tolerance-weighted local error per state component:
│     atmp[1] = 5.182, u[1] = 0.492, uprev[1] = 0.492
└ @ DiffEqBase ~/.julia/packages/DiffEqBase/Vzzme/src/check_error.jl:20
┌ Warning: Verbosity toggle: max_iters 
│  Interrupted. Larger maxiters is needed. If you are using an integrator for non-stiff ODEs or an automatic switching algorithm (the default), you may want to consider using a method for stiff equations. See the solver pages for more details (e.g. https://docs.sciml.ai/DiffEqDocs/stable/solvers/ode_solve/#Stiff-Problems).
│ 
│ Diagnostics:
│ 
│ Error Analysis:
│   step error estimate EEst = 6.154 (a step is accepted when EEst <= 1)
│   largest contributors to EEst = internalnorm(atmp), where atmp is the tolerance-weighted local error per state component:
│     atmp[1] = -6.154, u[1] = 0.4918, uprev[1] = 0.492
└ @ DiffEqBase ~/.julia/packages/DiffEqBase/Vzzme/src/check_error.jl:20
┌ Warning: Verbosity toggle: max_iters 
│  Interrupted. Larger maxiters is needed. If you are using an integrator for non-stiff ODEs or an automatic switching algorithm (the default), you may want to consider using a method for stiff equations. See the solver pages for more details (e.g. https://docs.sciml.ai/DiffEqDocs/stable/solvers/ode_solve/#Stiff-Problems).
│ 
│ Diagnostics:
│ 
│ Error Analysis:
│   step error estimate EEst = 2.013 (a step is accepted when EEst <= 1)
│   largest contributors to EEst = internalnorm(atmp), where atmp is the tolerance-weighted local error per state component:
│     atmp[1] = -2.013, u[1] = 0.492, uprev[1] = 0.492
└ @ DiffEqBase ~/.julia/packages/DiffEqBase/Vzzme/src/check_error.jl:20
┌ Warning: Verbosity toggle: max_iters 
│  Interrupted. Larger maxiters is needed. If you are using an integrator for non-stiff ODEs or an automatic switching algorithm (the default), you may want to consider using a method for stiff equations. See the solver pages for more details (e.g. https://docs.sciml.ai/DiffEqDocs/stable/solvers/ode_solve/#Stiff-Problems).
│ 
│ Diagnostics:
│ 
│ Error Analysis:
│   step error estimate EEst = 42.24 (a step is accepted when EEst <= 1)
│   largest contributors to EEst = internalnorm(atmp), where atmp is the tolerance-weighted local error per state component:
│     atmp[1] = 42.24, u[1] = 0.4916, uprev[1] = 0.492
└ @ DiffEqBase ~/.julia/packages/DiffEqBase/Vzzme/src/check_error.jl:20
┌ Warning: Verbosity toggle: max_iters 
│  Interrupted. Larger maxiters is needed. If you are using an integrator for non-stiff ODEs or an automatic switching algorithm (the default), you may want to consider using a method for stiff equations. See the solver pages for more details (e.g. https://docs.sciml.ai/DiffEqDocs/stable/solvers/ode_solve/#Stiff-Problems).
│ 
│ Diagnostics:
│ 
│ Error Analysis:
│   step error estimate EEst = 4.549 (a step is accepted when EEst <= 1)
│   largest contributors to EEst = internalnorm(atmp), where atmp is the tolerance-weighted local error per state component:
│     atmp[1] = -4.549, u[1] = 0.5291, uprev[1] = 0.5291
└ @ DiffEqBase ~/.julia/packages/DiffEqBase/Vzzme/src/check_error.jl:20
┌ Warning: Verbosity toggle: max_iters 
│  Interrupted. Larger maxiters is needed. If you are using an integrator for non-stiff ODEs or an automatic switching algorithm (the default), you may want to consider using a method for stiff equations. See the solver pages for more details (e.g. https://docs.sciml.ai/DiffEqDocs/stable/solvers/ode_solve/#Stiff-Problems).
│ 
│ Diagnostics:
│ 
│ Error Analysis:
│   step error estimate EEst = 1.671 (a step is accepted when EEst <= 1)
│   largest contributors to EEst = internalnorm(atmp), where atmp is the tolerance-weighted local error per state component:
│     atmp[1] = -1.671, u[1] = 0.5291, uprev[1] = 0.5291
└ @ DiffEqBase ~/.julia/packages/DiffEqBase/Vzzme/src/check_error.jl:20
┌ Warning: Verbosity toggle: max_iters 
│  Interrupted. Larger maxiters is needed. If you are using an integrator for non-stiff ODEs or an automatic switching algorithm (the default), you may want to consider using a method for stiff equations. See the solver pages for more details (e.g. https://docs.sciml.ai/DiffEqDocs/stable/solvers/ode_solve/#Stiff-Problems).
└ @ DiffEqBase ~/.julia/packages/DiffEqBase/Vzzme/src/check_error.jl:20
┌ Warning: Verbosity toggle: max_iters 
│  Interrupted. Larger maxiters is needed. If you are using an integrator for non-stiff ODEs or an automatic switching algorithm (the default), you may want to consider using a method for stiff equations. See the solver pages for more details (e.g. https://docs.sciml.ai/DiffEqDocs/stable/solvers/ode_solve/#Stiff-Problems).
│ 
│ Diagnostics:
│ 
│ Error Analysis:
│   step error estimate EEst = 1.693 (a step is accepted when EEst <= 1)
│   largest contributors to EEst = internalnorm(atmp), where atmp is the tolerance-weighted local error per state component:
│     atmp[1] = 1.693, u[1] = 0.492, uprev[1] = 0.492
└ @ DiffEqBase ~/.julia/packages/DiffEqBase/Vzzme/src/check_error.jl:20
┌ Warning: Verbosity toggle: max_iters 
│  Interrupted. Larger maxiters is needed. If you are using an integrator for non-stiff ODEs or an automatic switching algorithm (the default), you may want to consider using a method for stiff equations. See the solver pages for more details (e.g. https://docs.sciml.ai/DiffEqDocs/stable/solvers/ode_solve/#Stiff-Problems).
│ 
│ Diagnostics:
│ 
│ Error Analysis:
│   step error estimate EEst = 1.048 (a step is accepted when EEst <= 1)
│   largest contributors to EEst = internalnorm(atmp), where atmp is the tolerance-weighted local error per state component:
│     atmp[1] = -1.048, u[1] = 0.5291, uprev[1] = 0.5291
└ @ DiffEqBase ~/.julia/packages/DiffEqBase/Vzzme/src/check_error.jl:20
┌ Warning: Verbosity toggle: max_iters 
│  Interrupted. Larger maxiters is needed. If you are using an integrator for non-stiff ODEs or an automatic switching algorithm (the default), you may want to consider using a method for stiff equations. See the solver pages for more details (e.g. https://docs.sciml.ai/DiffEqDocs/stable/solvers/ode_solve/#Stiff-Problems).
│ 
│ Diagnostics:
│ 
│ Error Analysis:
│   step error estimate EEst = 2.412 (a step is accepted when EEst <= 1)
│   largest contributors to EEst = internalnorm(atmp), where atmp is the tolerance-weighted local error per state component:
│     atmp[1] = 2.412, u[1] = 0.492, uprev[1] = 0.492
└ @ DiffEqBase ~/.julia/packages/DiffEqBase/Vzzme/src/check_error.jl:20
┌ Warning: Verbosity toggle: max_iters 
│  Interrupted. Larger maxiters is needed. If you are using an integrator for non-stiff ODEs or an automatic switching algorithm (the default), you may want to consider using a method for stiff equations. See the solver pages for more details (e.g. https://docs.sciml.ai/DiffEqDocs/stable/solvers/ode_solve/#Stiff-Problems).
└ @ DiffEqBase ~/.julia/packages/DiffEqBase/Vzzme/src/check_error.jl:20
┌ Warning: Verbosity toggle: max_iters 
│  Interrupted. Larger maxiters is needed. If you are using an integrator for non-stiff ODEs or an automatic switching algorithm (the default), you may want to consider using a method for stiff equations. See the solver pages for more details (e.g. https://docs.sciml.ai/DiffEqDocs/stable/solvers/ode_solve/#Stiff-Problems).
│ 
│ Diagnostics:
│ 
│ Error Analysis:
│   step error estimate EEst = 1.512 (a step is accepted when EEst <= 1)
│   largest contributors to EEst = internalnorm(atmp), where atmp is the tolerance-weighted local error per state component:
│     atmp[1] = -1.512, u[1] = 0.5291, uprev[1] = 0.5291
└ @ DiffEqBase ~/.julia/packages/DiffEqBase/Vzzme/src/check_error.jl:20
┌ Warning: Verbosity toggle: max_iters 
│  Interrupted. Larger maxiters is needed. If you are using an integrator for non-stiff ODEs or an automatic switching algorithm (the default), you may want to consider using a method for stiff equations. See the solver pages for more details (e.g. https://docs.sciml.ai/DiffEqDocs/stable/solvers/ode_solve/#Stiff-Problems).
│ 
│ Diagnostics:
│ 
│ Error Analysis:
│   step error estimate EEst = 2.96 (a step is accepted when EEst <= 1)
│   largest contributors to EEst = internalnorm(atmp), where atmp is the tolerance-weighted local error per state component:
│     atmp[1] = 2.96, u[1] = 0.529, uprev[1] = 0.529
└ @ DiffEqBase ~/.julia/packages/DiffEqBase/Vzzme/src/check_error.jl:20
┌ Warning: Verbosity toggle: max_iters 
│  Interrupted. Larger maxiters is needed. If you are using an integrator for non-stiff ODEs or an automatic switching algorithm (the default), you may want to consider using a method for stiff equations. See the solver pages for more details (e.g. https://docs.sciml.ai/DiffEqDocs/stable/solvers/ode_solve/#Stiff-Problems).
│ 
│ Diagnostics:
│ 
│ Error Analysis:
│   step error estimate EEst = 1.117 (a step is accepted when EEst <= 1)
│   largest contributors to EEst = internalnorm(atmp), where atmp is the tolerance-weighted local error per state component:
│     atmp[1] = 1.117, u[1] = 0.529, uprev[1] = 0.529
└ @ DiffEqBase ~/.julia/packages/DiffEqBase/Vzzme/src/check_error.jl:20
┌ Warning: Verbosity toggle: max_iters 
│  Interrupted. Larger maxiters is needed. If you are using an integrator for non-stiff ODEs or an automatic switching algorithm (the default), you may want to consider using a method for stiff equations. See the solver pages for more details (e.g. https://docs.sciml.ai/DiffEqDocs/stable/solvers/ode_solve/#Stiff-Problems).
└ @ DiffEqBase ~/.julia/packages/DiffEqBase/Vzzme/src/check_error.jl:20
┌ Warning: Verbosity toggle: max_iters 
│  Interrupted. Larger maxiters is needed. If you are using an integrator for non-stiff ODEs or an automatic switching algorithm (the default), you may want to consider using a method for stiff equations. See the solver pages for more details (e.g. https://docs.sciml.ai/DiffEqDocs/stable/solvers/ode_solve/#Stiff-Problems).
│ 
│ Diagnostics:
│ 
│ Error Analysis:
│   step error estimate EEst = 22.62 (a step is accepted when EEst <= 1)
│   largest contributors to EEst = internalnorm(atmp), where atmp is the tolerance-weighted local error per state component:
│     atmp[1] = -22.62, u[1] = 0.5293, uprev[1] = 0.5291
└ @ DiffEqBase ~/.julia/packages/DiffEqBase/Vzzme/src/check_error.jl:20
┌ Warning: Verbosity toggle: max_iters 
│  Interrupted. Larger maxiters is needed. If you are using an integrator for non-stiff ODEs or an automatic switching algorithm (the default), you may want to consider using a method for stiff equations. See the solver pages for more details (e.g. https://docs.sciml.ai/DiffEqDocs/stable/solvers/ode_solve/#Stiff-Problems).
│ 
│ Diagnostics:
│ 
│ Error Analysis:
│   step error estimate EEst = 2.607 (a step is accepted when EEst <= 1)
│   largest contributors to EEst = internalnorm(atmp), where atmp is the tolerance-weighted local error per state component:
│     atmp[1] = -2.607, u[1] = 0.5291, uprev[1] = 0.529
└ @ DiffEqBase ~/.julia/packages/DiffEqBase/Vzzme/src/check_error.jl:20
┌ Warning: Verbosity toggle: max_iters 
│  Interrupted. Larger maxiters is needed. If you are using an integrator for non-stiff ODEs or an automatic switching algorithm (the default), you may want to consider using a method for stiff equations. See the solver pages for more details (e.g. https://docs.sciml.ai/DiffEqDocs/stable/solvers/ode_solve/#Stiff-Problems).
│ 
│ Diagnostics:
│ 
│ Error Analysis:
│   step error estimate EEst = 2.729 (a step is accepted when EEst <= 1)
│   largest contributors to EEst = internalnorm(atmp), where atmp is the tolerance-weighted local error per state component:
│     atmp[1] = -2.729, u[1] = 0.5291, uprev[1] = 0.5291
└ @ DiffEqBase ~/.julia/packages/DiffEqBase/Vzzme/src/check_error.jl:20
┌ Warning: Verbosity toggle: max_iters 
│  Interrupted. Larger maxiters is needed. If you are using an integrator for non-stiff ODEs or an automatic switching algorithm (the default), you may want to consider using a method for stiff equations. See the solver pages for more details (e.g. https://docs.sciml.ai/DiffEqDocs/stable/solvers/ode_solve/#Stiff-Problems).
│ 
│ Diagnostics:
│ 
│ Error Analysis:
│   step error estimate EEst = 3.915 (a step is accepted when EEst <= 1)
│   largest contributors to EEst = internalnorm(atmp), where atmp is the tolerance-weighted local error per state component:
│     atmp[1] = 3.915, u[1] = 0.5443, uprev[1] = 0.5443
└ @ DiffEqBase ~/.julia/packages/DiffEqBase/Vzzme/src/check_error.jl:20
┌ Warning: Verbosity toggle: max_iters 
│  Interrupted. Larger maxiters is needed. If you are using an integrator for non-stiff ODEs or an automatic switching algorithm (the default), you may want to consider using a method for stiff equations. See the solver pages for more details (e.g. https://docs.sciml.ai/DiffEqDocs/stable/solvers/ode_solve/#Stiff-Problems).
│ 
│ Diagnostics:
│ 
│ Error Analysis:
│   step error estimate EEst = 1.888 (a step is accepted when EEst <= 1)
│   largest contributors to EEst = internalnorm(atmp), where atmp is the tolerance-weighted local error per state component:
│     atmp[1] = 1.888, u[1] = 0.5443, uprev[1] = 0.5443
└ @ DiffEqBase ~/.julia/packages/DiffEqBase/Vzzme/src/check_error.jl:20
┌ Warning: Verbosity toggle: max_iters 
│  Interrupted. Larger maxiters is needed. If you are using an integrator for non-stiff ODEs or an automatic switching algorithm (the default), you may want to consider using a method for stiff equations. See the solver pages for more details (e.g. https://docs.sciml.ai/DiffEqDocs/stable/solvers/ode_solve/#Stiff-Problems).
│ 
│ Diagnostics:
│ 
│ Error Analysis:
│   step error estimate EEst = 7.593 (a step is accepted when EEst <= 1)
│   largest contributors to EEst = internalnorm(atmp), where atmp is the tolerance-weighted local error per state component:
│     atmp[1] = 7.593, u[1] = 0.5443, uprev[1] = 0.5443
└ @ DiffEqBase ~/.julia/packages/DiffEqBase/Vzzme/src/check_error.jl:20
┌ Warning: Verbosity toggle: max_iters 
│  Interrupted. Larger maxiters is needed. If you are using an integrator for non-stiff ODEs or an automatic switching algorithm (the default), you may want to consider using a method for stiff equations. See the solver pages for more details (e.g. https://docs.sciml.ai/DiffEqDocs/stable/solvers/ode_solve/#Stiff-Problems).
│ 
│ Diagnostics:
│ 
│ Error Analysis:
│   step error estimate EEst = 3.083 (a step is accepted when EEst <= 1)
│   largest contributors to EEst = internalnorm(atmp), where atmp is the tolerance-weighted local error per state component:
│     atmp[1] = 3.083, u[1] = 0.5443, uprev[1] = 0.5443
└ @ DiffEqBase ~/.julia/packages/DiffEqBase/Vzzme/src/check_error.jl:20
┌ Warning: Verbosity toggle: max_iters 
│  Interrupted. Larger maxiters is needed. If you are using an integrator for non-stiff ODEs or an automatic switching algorithm (the default), you may want to consider using a method for stiff equations. See the solver pages for more details (e.g. https://docs.sciml.ai/DiffEqDocs/stable/solvers/ode_solve/#Stiff-Problems).
│ 
│ Diagnostics:
│ 
│ Error Analysis:
│   step error estimate EEst = 3.339 (a step is accepted when EEst <= 1)
│   largest contributors to EEst = internalnorm(atmp), where atmp is the tolerance-weighted local error per state component:
│     atmp[1] = 3.339, u[1] = 0.5443, uprev[1] = 0.5443
└ @ DiffEqBase ~/.julia/packages/DiffEqBase/Vzzme/src/check_error.jl:20
┌ Warning: Verbosity toggle: max_iters 
│  Interrupted. Larger maxiters is needed. If you are using an integrator for non-stiff ODEs or an automatic switching algorithm (the default), you may want to consider using a method for stiff equations. See the solver pages for more details (e.g. https://docs.sciml.ai/DiffEqDocs/stable/solvers/ode_solve/#Stiff-Problems).
└ @ DiffEqBase ~/.julia/packages/DiffEqBase/Vzzme/src/check_error.jl:20
┌ Warning: Verbosity toggle: max_iters 
│  Interrupted. Larger maxiters is needed. If you are using an integrator for non-stiff ODEs or an automatic switching algorithm (the default), you may want to consider using a method for stiff equations. See the solver pages for more details (e.g. https://docs.sciml.ai/DiffEqDocs/stable/solvers/ode_solve/#Stiff-Problems).
└ @ DiffEqBase ~/.julia/packages/DiffEqBase/Vzzme/src/check_error.jl:20
┌ Warning: Verbosity toggle: max_iters 
│  Interrupted. Larger maxiters is needed. If you are using an integrator for non-stiff ODEs or an automatic switching algorithm (the default), you may want to consider using a method for stiff equations. See the solver pages for more details (e.g. https://docs.sciml.ai/DiffEqDocs/stable/solvers/ode_solve/#Stiff-Problems).
│ 
│ Diagnostics:
│ 
│ Error Analysis:
│   step error estimate EEst = 8.039 (a step is accepted when EEst <= 1)
│   largest contributors to EEst = internalnorm(atmp), where atmp is the tolerance-weighted local error per state component:
│     atmp[1] = -8.039, u[1] = 0.1787, uprev[1] = 0.1787
└ @ DiffEqBase ~/.julia/packages/DiffEqBase/Vzzme/src/check_error.jl:20
┌ Warning: Verbosity toggle: max_iters 
│  Interrupted. Larger maxiters is needed. If you are using an integrator for non-stiff ODEs or an automatic switching algorithm (the default), you may want to consider using a method for stiff equations. See the solver pages for more details (e.g. https://docs.sciml.ai/DiffEqDocs/stable/solvers/ode_solve/#Stiff-Problems).
│ 
│ Diagnostics:
│ 
│ Error Analysis:
│   step error estimate EEst = 7.943 (a step is accepted when EEst <= 1)
│   largest contributors to EEst = internalnorm(atmp), where atmp is the tolerance-weighted local error per state component:
│     atmp[1] = 7.943, u[1] = 0.5443, uprev[1] = 0.5443
└ @ DiffEqBase ~/.julia/packages/DiffEqBase/Vzzme/src/check_error.jl:20
[ Info: wrote 2312×16 rows → /Users/jaeminahn/Desktop/development/Cantor/results/raw/neural_benchmark.csv
[ Info: wrote 192×7 rows → /Users/jaeminahn/Desktop/development/Cantor/results/raw/neural_solver_crosscheck.csv
[ Info: wrote table → /Users/jaeminahn/Desktop/development/Cantor/results/tables/neural_summary.csv
8 trained models loaded
  neural_none                  done (60 s elapsed)
  neural_cantor_n3             done (119 s elapsed)
  neural_random_n3_s1          done (249 s elapsed)
  neural_random_n3_s2          done (361 s elapsed)
  neural_random_n3_s3          done (420 s elapsed)
  neural_smooth_b10            done (476 s elapsed)
  neural_smooth_b50            done (532 s elapsed)
  neural_smooth_b200           done (580 s elapsed)

====================================================================================================================
NEURAL ODE BENCHMARK — TEST-ID (seen) vs TEST-OOD (unseen)
====================================================================================================================
model                        MSE_ID    MSE_OOD   Rsafe_ID  Rsafe_OOD       ΔOOD  D_max_OOD  adv Rsafe
none                        0.00444    0.00579     0.9946     0.9679    +0.0267     0.2835     0.9964
cantor_n3                   0.00182    0.00185     0.9911     0.9925    -0.0014     0.2618     0.9756
random_n3_s1                0.00186    0.00185     0.9926     0.9933    -0.0008     0.2590     0.9784
random_n3_s2                0.00193    0.00197     0.9913     0.9924    -0.0011     0.2639     0.9694
random_n3_s3                0.00189    0.00191     0.9896     0.9912    -0.0016     0.2634     0.9714
smooth_b10                  0.00359    0.00506     0.9946     0.9739    +0.0208     0.2847     0.9921
smooth_b50                  0.00175    0.00177     0.9911     0.9919    -0.0009     0.2642     0.9686
smooth_b200                 0.00167    0.00168     0.9887     0.9900    -0.0013     0.2622     0.9636

R_safe by OOD family:
model                         square       chirp   multifreq     impulse    ou_noise   pw_random  amp_extrap freq_extrap adversarial
none                          0.9982      0.9983      0.9983      0.9983      0.9983      0.9983      0.7540      0.9983      0.9964
cantor_n3                     0.9888      0.9945      0.9938      0.9947      0.9945      0.9920      0.9889      0.9934      0.9756
random_n3_s1                  0.9890      0.9954      0.9950      0.9954      0.9953      0.9940      0.9892      0.9941      0.9784
random_n3_s2                  0.9913      0.9940      0.9940      0.9940      0.9939      0.9913      0.9893      0.9929      0.9694
random_n3_s3                  0.9874      0.9939      0.9927      0.9939      0.9931      0.9896      0.9876      0.9926      0.9714
smooth_b10                    0.9973      0.9975      0.9976      0.9975      0.9976      0.9976      0.8073      0.9975      0.9921
smooth_b50                    0.9912      0.9931      0.9932      0.9935      0.9931      0.9913      0.9888      0.9928      0.9686
smooth_b200                   0.9878      0.9919      0.9919      0.9928      0.9906      0.9867      0.9882      0.9914      0.9636

solver cross-check (RK4 vs adaptive Tsit5, maxiters capped at 2e5):
  adaptive solves that FAILED (chattering / maxiters): 32 of 192 (16.7%)
  where it succeeded: max |ΔR_safe| = 5.00e-04, median = 0.00e+00
    none                     failures  0/24
    cantor_n3                failures  1/24
    random_n3_s1             failures 22/24
    random_n3_s2             failures  9/24
    random_n3_s3             failures  0/24
    smooth_b10               failures  0/24
    smooth_b50               failures  0/24
    smooth_b200              failures  0/24

done.
