[ Info: wrote 84×14 rows → /Users/jaeminahn/Desktop/development/Cantor/results/raw/numerical_integration.csv
[ Info: wrote 12×5 rows → /Users/jaeminahn/Desktop/development/Cantor/results/raw/numerical_structure_aware.csv
[ Info: wrote 14×6 rows → /Users/jaeminahn/Desktop/development/Cantor/results/raw/numerical_endpoint_conditioning.csv
==============================================================================
PHASE C.1 — I(n, Δx) for four quadrature rules   (truth = 1 exactly)
==============================================================================
 n\ρ       1e-02       3e-03       1e-03       3e-04       1e-04       3e-05       1e-05        exact     adaptive
   1      0.9900      0.9990      0.9990      0.9999      0.9999      1.0000      1.0000     1.000000    1.000000
   2      0.9900      0.9990      0.9990      0.9997      0.9999      1.0000      1.0000     1.000000    1.000000
   3      1.0125      0.9922      0.9990      0.9983      0.9997      1.0000      1.0000     1.000000    1.000000
   4      1.0125      0.9872      0.9922      0.9978      0.9983      1.0002      1.0000     1.000000    1.000001
   5      1.0631      0.9568      0.9872      1.0001      0.9978      1.0003      1.0002     1.000000    0.812501
   6      1.1391      0.8201      0.9568      1.0047      1.0001      1.0002      1.0003     1.000000    0.687501
   7      1.3669      0.7689      0.8201      1.0149      1.0047      0.9995      1.0002     1.000000    0.468755
   8      2.0503      0.6151      0.7689      1.0533      1.0149      0.9988      0.9995     1.000000    0.312511
   9      3.0755      0.6920      0.6151      1.0841      1.0533      0.9965      0.9988     1.000000    0.136732
  10      4.6132      0.8650      0.6920      1.1591      1.0841      0.9930      0.9965     1.000000    0.054699
  11      6.9198      1.0380      0.8650      1.2456      1.1591      0.9861      0.9930     1.000000    0.048843
  12     10.3797      1.1677      1.0380      1.3623      1.2456      0.9692      0.9861     1.000000    0.035156

intervals resolved (hit fraction), midpoint grid:
n\Δx       1e-02       3e-03       1e-03       3e-04       1e-04       3e-05       1e-05
   1       1.000       1.000       1.000       1.000       1.000       1.000       1.000
   2       1.000       1.000       1.000       1.000       1.000       1.000       1.000
   3       1.000       1.000       1.000       1.000       1.000       1.000       1.000
   4       1.000       1.000       1.000       1.000       1.000       1.000       1.000
   5       0.438       1.000       1.000       1.000       1.000       1.000       1.000
   6       0.156       0.375       1.000       1.000       1.000       1.000       1.000
   7       0.062       0.117       0.375       1.000       1.000       1.000       1.000
   8       0.031       0.031       0.117       0.535       1.000       1.000       1.000
   9       0.016       0.012       0.031       0.184       0.535       1.000       1.000
  10       0.008       0.005       0.012       0.065       0.184       0.561       1.000
  11       0.004       0.002       0.005       0.023       0.065       0.186       0.561
  12       0.002       0.001       0.002       0.009       0.023       0.061       0.186

==============================================================================
PHASE C.2 — the error collapses onto ρ = Δx·3ⁿ (grid spacing in units
            of the smallest Cantor interval 3^-n)
==============================================================================
           ρ range  cases median E_mid    max E_mid   median hit
   0e+00–1e-03        10     2.94e-05     1.00e-04        1.000
   1e-03–1e-02        11     3.25e-04     1.68e-03        1.000
   1e-02–1e-01        14     1.00e-03     1.00e-02        1.000
   1e-01–1e+00        14     1.25e-02     4.32e-02        1.000
   1e+00–1e+01        14     7.36e-02     2.31e-01        0.280
   1e+01–1e+02        11     3.08e-01     1.05e+00        0.031
   1e+02–1e+03         7     1.35e-01     3.61e+00        0.005
   1e+03–Inf           3     5.92e+00     9.38e+00        0.002

==============================================================================
PHASE C.3 — the original study's own rule: sum(C'_n.(0:1e-4:1))*1e-4
==============================================================================
   n   I_left(orig)          I_mid          ρ     hit frac
   1       0.999900       0.999900      0.000       1.0000
   2       0.999900       0.999900      0.001       1.0000
   3       1.000350       0.999675      0.003       1.0000
   4       1.001363       0.998325      0.008       1.0000
   5       1.002375       0.997819      0.024       1.0000
   6       1.000097       1.000097      0.073       1.0000
   7       0.994402       1.004653      0.219       1.0000
   8       0.979024       1.014905      0.656       1.0000
   9       0.945707       1.053348      1.968       0.5352
  10       0.922641       1.084103      5.905       0.1836
  11       0.899575       1.159067     17.715       0.0654
  12       0.830377       1.245565     53.144       0.0234

==============================================================================
PHASE C.4 — conditioning of the recursive membership test at the
            2^(n+1) exact interval endpoints
==============================================================================
  n= 1       4 endpoints,      0 misclassified (0.0000)   3ⁿ·eps = 6.66e-16 vs width 3.33e-01
  n= 2       8 endpoints,      2 misclassified (0.2500)   3ⁿ·eps = 2.00e-15 vs width 1.11e-01
  n= 3      16 endpoints,      5 misclassified (0.3125)   3ⁿ·eps = 6.00e-15 vs width 3.70e-02
  n= 4      32 endpoints,     16 misclassified (0.5000)   3ⁿ·eps = 1.80e-14 vs width 1.23e-02
  n= 5      64 endpoints,     37 misclassified (0.5781)   3ⁿ·eps = 5.40e-14 vs width 4.12e-03
  n= 6     128 endpoints,     67 misclassified (0.5234)   3ⁿ·eps = 1.62e-13 vs width 1.37e-03
  n= 7     256 endpoints,    127 misclassified (0.4961)   3ⁿ·eps = 4.86e-13 vs width 4.57e-04
  n= 8     512 endpoints,    245 misclassified (0.4785)   3ⁿ·eps = 1.46e-12 vs width 1.52e-04
  n= 9    1024 endpoints,    493 misclassified (0.4814)   3ⁿ·eps = 4.37e-12 vs width 5.08e-05
  n=10    2048 endpoints,    974 misclassified (0.4756)   3ⁿ·eps = 1.31e-11 vs width 1.69e-05
  n=11    4096 endpoints,   1984 misclassified (0.4844)   3ⁿ·eps = 3.93e-11 vs width 5.65e-06
  n=12    8192 endpoints,   4036 misclassified (0.4927)   3ⁿ·eps = 1.18e-10 vs width 1.88e-06
  n=13   16384 endpoints,   8143 misclassified (0.4970)   3ⁿ·eps = 3.54e-10 vs width 6.27e-07
  n=14   32768 endpoints,  16358 misclassified (0.4992)   3ⁿ·eps = 1.06e-09 vs width 2.09e-07

done.
