   Resolving package versions...
   Installed JpegTurbo_jll ─────────────── v3.2.0+1
   Installed SciMLPublic ───────────────── v1.3.0
   Installed GR_jll ────────────────────── v0.73.27+0
   Installed Accessors ─────────────────── v0.1.45
   Installed SciMLLogging ──────────────── v2.1.0
   Installed GR ────────────────────────── v0.73.27
   Installed LuxLib ────────────────────── v1.15.9
   Installed NNlib ─────────────────────── v0.9.45
   Installed InlineStrings ─────────────── v1.4.5
   Installed SciMLJacobianOperators ────── v0.1.18
   Installed TimerOutputs ──────────────── v1.2.0
   Installed FindFirstFunctions ────────── v3.2.1
   Installed EnumX ─────────────────────── v1.0.7
   Installed Optimisers ────────────────── v0.4.9
   Installed StaticArrays ──────────────── v1.9.19
   Installed MaybeInplace ──────────────── v0.1.8
   Installed InvertedIndices ───────────── v1.3.1
   Installed FunctionWrappers ──────────── v1.1.3
   Installed BFloat16s ─────────────────── v0.6.1
   Installed ScopedValues ──────────────── v1.6.2
   Installed OrdinaryDiffEqCore ────────── v4.15.2
   Installed RecursiveArrayTools ───────── v4.5.1
   Installed Statistics ────────────────── v1.11.4
   Installed ZygoteRules ───────────────── v0.2.8
   Installed RealDot ───────────────────── v0.1.0
   Installed MuladdMacro ───────────────── v0.2.7
   Installed Static ────────────────────── v1.4.6
   Installed IRTools ───────────────────── v0.4.20
   Installed DataFrames ────────────────── v1.8.2
   Installed OrdinaryDiffEqVerner ──────── v2.4.1
   Installed LuxCore ───────────────────── v1.5.3
   Installed Pango_jll ─────────────────── v1.58.2+0
   Installed FastPower ─────────────────── v1.5.0
   Installed CpuId ─────────────────────── v0.3.1
   Installed ComponentArrays ───────────── v0.15.47
   Installed DiffEqBase ────────────────── v7.19.0
   Installed Functors ──────────────────── v0.5.3
   Installed JSON ──────────────────────── v1.7.1
   Installed ADTypes ───────────────────── v1.24.0
   Installed SentinelArrays ────────────── v1.4.10
   Installed SciMLBase ─────────────────── v3.50.0
   Installed SpecialFunctions ──────────── v2.9.0
   Installed BracketingNonlinearSolve ──── v1.12.6
   Installed HarfBuzz_jll ──────────────── v100.14003.0+0
   Installed IfElse ────────────────────── v0.1.1
   Installed WorkerUtilities ───────────── v1.6.1
   Installed RespecializeParams ────────── v1.3.0
   Installed GLFW_jll ──────────────────── v3.5.1+0
   Installed Zygote ────────────────────── v0.7.12
   Installed StaticArraysCore ──────────── v1.4.4
   Installed MLDataDevices ─────────────── v1.17.10
   Installed WeakRefStrings ────────────── v1.4.3
   Installed CommonSubexpressions ──────── v0.3.1
   Installed ExprTools ─────────────────── v0.1.11
   Installed ChainRules ────────────────── v1.73.0
   Installed DataStructures ────────────── v0.19.6
   Installed CodecZlib ─────────────────── v0.7.9
   Installed CommonWorldInvalidations ──── v1.2.0
   Installed Compat ────────────────────── v4.18.1
   Installed DispatchDoctor ────────────── v0.4.28
   Installed StaticArrayInterface ──────── v1.10.0
   Installed libaom_jll ────────────────── v3.14.1+0
   Installed StatsBase ─────────────────── v0.34.13
   Installed DiffRules ─────────────────── v1.16.0
   Installed SciMLStructures ───────────── v1.10.5
   Installed FunctionWrappersWrappers ──── v1.13.0
   Installed WeightInitializers ────────── v1.3.4
   Installed CSV ───────────────────────── v0.10.17
   Installed Plots ─────────────────────── v1.41.7
   Installed Expat_jll ─────────────────── v2.8.3+0
   Installed TableTraits ───────────────── v1.0.1
   Installed DiffResults ───────────────── v1.1.0
   Installed Lux ───────────────────────── v1.31.4
   Installed Libtiff_jll ───────────────── v4.7.3+0
   Installed HashArrayMappedTries ──────── v0.2.0
   Installed PooledArrays ──────────────── v1.4.3
   Installed Setfield ──────────────────── v1.1.2
   Installed SciMLOperators ────────────── v1.30.0
   Installed PrettyTables ──────────────── v3.4.8
   Installed Parsers ───────────────────── v2.8.7
   Installed NonlinearSolveBase ────────── v2.48.2
   Installed OrderedCollections ────────── v2.0.1
   Installed ConstructionBase ──────────── v1.6.0
   Installed DataValueInterfaces ───────── v1.0.0
   Installed EnzymeCore ────────────────── v0.8.21
   Installed ReactantCore ──────────────── v0.1.21
   Installed FastClosures ──────────────── v0.3.2
   Installed Xorg_libXi_jll ────────────── v1.8.4+0
   Installed OrdinaryDiffEqTsit5 ───────── v2.1.4
   Installed ArrayInterface ────────────── v7.30.0
   Installed KernelAbstractions ────────── v0.9.42
   Installed CompositionsBase ──────────── v0.1.2
   Installed OpenSpecFun_jll ───────────── v0.5.6+0
   Installed UnsafeAtomics ─────────────── v0.3.2
   Installed PreallocationTools ────────── v1.7.1
   Installed SparseInverseSubset ───────── v0.1.3
   Installed InverseFunctions ──────────── v0.1.17
   Installed CommonSolve ───────────────── v0.2.14
   Installed ChainRulesCore ────────────── v1.26.1
   Installed DifferentiationInterface ──── v0.7.21
   Installed GPUArraysCore ─────────────── v0.2.0
   Installed libass_jll ────────────────── v0.17.5+0
   Installed Crayons ───────────────────── v4.2.0
   Installed Adapt ─────────────────────── v4.7.0
   Installed RuntimeGeneratedFunctions ─── v0.5.25
   Installed libdrm_jll ────────────────── v2.4.134+0
   Installed Atomix ────────────────────── v1.1.3
   Installed FFMPEG_jll ────────────────── v8.1.2+0
   Installed Xorg_xkeyboard_config_jll ─── v2.47.0+2
   Installed LLVMOpenMP_jll ────────────── v22.1.7+0
   Installed Latexify ──────────────────── v0.16.12
   Installed CPUSummary ────────────────── v0.2.7
   Installed Tables ────────────────────── v1.14.0
   Installed ConcreteStructs ───────────── v0.2.8
   Installed Glib_jll ──────────────────── v2.88.3+0
   Installed TruncatedStacktraces ──────── v1.4.0
   Installed LaTeXStrings ──────────────── v1.4.1
   Installed IteratorInterfaceExtensions ─ v1.0.0
   Installed BinaryHeaps ───────────────── v1.1.0
   Installed SymbolicIndexingInterface ─── v0.3.55
   Installed StructArrays ──────────────── v0.7.3
   Installed FilePathsBase ─────────────── v0.9.24
   Installed FillArrays ────────────────── v1.17.0
   Installed ForwardDiff ───────────────── v1.4.5
   Installed FastBroadcast ─────────────── v1.4.0
   Installed StructUtils ───────────────── v2.8.5
   Installed StringManipulation ────────── v0.5.0
   Installed ExpressionExplorer ────────── v1.1.5
  Installing 14 artifacts
   Installed artifact Xorg_xkeyboard_config 1.1 MiB
   Installed artifact OpenSpecFun           162.9 KiB
   Installed artifact libass                129.2 KiB
   Installed artifact GLFW                  129.9 KiB
   Installed artifact Pango                 371.8 KiB
   Installed artifact HarfBuzz              1.6 MiB
   Installed artifact Libtiff               1.5 MiB
   Installed artifact Expat                 142.4 KiB
   Installed artifact LLVMOpenMP            331.6 KiB
   Installed artifact JpegTurbo             1.8 MiB
   Installed artifact libaom                6.0 MiB
   Installed artifact Glib                  7.5 MiB
   Installed artifact FFMPEG                12.0 MiB
   Installed artifact GR                    21.2 MiB
    Updating `~/Desktop/development/Cantor/Project.toml`
  [336ed68f] + CSV v0.10.17
  [d360d2e6] + ChainRulesCore v1.26.1
  [b0b7db55] + ComponentArrays v0.15.47
  [a93c6f00] + DataFrames v1.8.2
  [f6369f11] + ForwardDiff v1.4.5
  [b964fa9f] + LaTeXStrings v1.4.1
  [b2108857] + Lux v1.31.4
  [3bd65402] + Optimisers v0.4.9
  [b1df2697] + OrdinaryDiffEqTsit5 v2.1.4
  [79d7bb75] + OrdinaryDiffEqVerner v2.4.1
  [91a5bcdd] + Plots v1.41.7
  [0bca4576] + SciMLBase v3.50.0
  [10745b16] + Statistics v1.11.4
  [2913bbd2] + StatsBase v0.34.13
  [e88e6eb3] + Zygote v0.7.12
  [ade2ca70] + Dates v1.11.0
  [37e2e46d] + LinearAlgebra v1.12.0
  [56ddb016] + Logging v1.11.0
  [de0858da] + Printf v1.11.0
  [9a3f8284] + Random v1.11.0
  [9e88b42a] + Serialization v1.11.0
  [fa267f1f] + TOML v1.0.3
  [8dfed614] + Test v1.11.0
    Updating `~/Desktop/development/Cantor/Manifest.toml`
  [47edcb42] + ADTypes v1.24.0
  [621f4979] + AbstractFFTs v1.5.0
  [7d9f7c33] + Accessors v0.1.45
  [79e6a3ab] + Adapt v4.7.0
  [66dad0bd] + AliasTables v1.1.3
  [4fba245c] + ArrayInterface v7.30.0
  [a9b6321e] + Atomix v1.1.3
  [ab4f0b2a] + BFloat16s v0.6.1
  [b2a6c25c] + BinaryHeaps v1.1.0
  [70df07ce] + BracketingNonlinearSolve v1.12.6
  [2a0fbf3d] + CPUSummary v0.2.7
  [336ed68f] + CSV v0.10.17
  [082447d4] + ChainRules v1.73.0
  [d360d2e6] + ChainRulesCore v1.26.1
  [944b1d66] + CodecZlib v0.7.9
  [35d6a980] + ColorSchemes v3.31.0
  [3da002f7] + ColorTypes v0.12.1
  [c3611d14] + ColorVectorSpace v0.11.0
  [5ae59095] + Colors v0.13.1
  [38540f10] + CommonSolve v0.2.14
  [bbf7d656] + CommonSubexpressions v0.3.1
  [f70d9fcc] + CommonWorldInvalidations v1.2.0
  [34da2185] + Compat v4.18.1
  [b0b7db55] + ComponentArrays v0.15.47
  [a33af91c] + CompositionsBase v0.1.2
  [2569d6c7] + ConcreteStructs v0.2.8
  [187b0558] + ConstructionBase v1.6.0
  [d38c429a] + Contour v0.6.3
  [adafc99b] + CpuId v0.3.1
  [a8cc5b0e] + Crayons v4.2.0
  [9a962f9c] + DataAPI v1.16.0
  [a93c6f00] + DataFrames v1.8.2
  [864edb3b] + DataStructures v0.19.6
  [e2d170a0] + DataValueInterfaces v1.0.0
  [8bb1440f] + DelimitedFiles v1.9.1
  [2b5f629d] + DiffEqBase v7.19.0
  [163ba53b] + DiffResults v1.1.0
  [b552c78f] + DiffRules v1.16.0
  [a0c0ee7d] + DifferentiationInterface v0.7.21
  [8d63f2c5] + DispatchDoctor v0.4.28
  [ffbed154] + DocStringExtensions v0.9.5
  [4e289a0a] + EnumX v1.0.7
  [f151be2c] + EnzymeCore v0.8.21
  [e2ba6199] + ExprTools v0.1.11
  [21656369] + ExpressionExplorer v1.1.5
  [c87230d0] + FFMPEG v0.4.5
  [7034ab61] + FastBroadcast v1.4.0
  [9aa1b823] + FastClosures v0.3.2
  [a4df4552] + FastPower v1.5.0
  [48062228] + FilePathsBase v0.9.24
  [1a297f60] + FillArrays v1.17.0
  [64ca27bc] + FindFirstFunctions v3.2.1
⌅ [53c48c17] + FixedPointNumbers v0.8.6
  [1fa38f19] + Format v1.3.7
  [f6369f11] + ForwardDiff v1.4.5
  [069b7b12] + FunctionWrappers v1.1.3
  [77dc65aa] + FunctionWrappersWrappers v1.13.0
  [d9f16b24] + Functors v0.5.3
  [46192b85] + GPUArraysCore v0.2.0
  [28b8d3ca] + GR v0.73.27
  [42e2da0e] + Grisu v1.0.2
  [076d061b] + HashArrayMappedTries v0.2.0
  [7869d1d1] + IRTools v0.4.20
  [615f187c] + IfElse v0.1.1
  [842dd82b] + InlineStrings v1.4.5
  [3587e190] + InverseFunctions v0.1.17
  [41ab1584] + InvertedIndices v1.3.1
  [92d709cd] + IrrationalConstants v0.2.6
  [82899510] + IteratorInterfaceExtensions v1.0.0
  [1019f520] + JLFzf v0.1.11
  [692b3bcd] + JLLWrappers v1.8.0
  [682c06a0] + JSON v1.7.1
  [63c18a36] + KernelAbstractions v0.9.42
  [b964fa9f] + LaTeXStrings v1.4.1
  [23fbe1c1] + Latexify v0.16.12
  [2ab3a3ac] + LogExpFunctions v1.0.1
  [e6f89c97] + LoggingExtras v1.2.0
  [b2108857] + Lux v1.31.4
  [bb33d45b] + LuxCore v1.5.3
  [82251201] + LuxLib v1.15.9
  [7e8f7934] + MLDataDevices v1.17.10
  [1914dd2f] + MacroTools v0.5.16
  [bb5d69b7] + MaybeInplace v0.1.8
  [442fdcdd] + Measures v0.3.3
  [e1d29d7a] + Missings v1.2.0
  [46d2c3a1] + MuladdMacro v0.2.7
  [872c559c] + NNlib v0.9.45
  [77ba4419] + NaNMath v1.1.4
  [be0214bd] + NonlinearSolveBase v2.48.2
  [3bd65402] + Optimisers v0.4.9
  [bac558e1] + OrderedCollections v2.0.1
  [bbf590c4] + OrdinaryDiffEqCore v4.15.2
  [b1df2697] + OrdinaryDiffEqTsit5 v2.1.4
  [79d7bb75] + OrdinaryDiffEqVerner v2.4.1
⌅ [69de0a69] + Parsers v2.8.7
  [ccf2f8ad] + PlotThemes v3.3.0
  [995b91a9] + PlotUtils v1.4.4
  [91a5bcdd] + Plots v1.41.7
  [2dfb63ee] + PooledArrays v1.4.3
  [d236fae5] + PreallocationTools v1.7.1
  [aea7be01] + PrecompileTools v1.3.4
  [21216c6a] + Preferences v1.5.2
  [08abe8d2] + PrettyTables v3.4.8
  [43287f4e] + PtrArrays v1.4.0
  [a3311ec8] + ReactantCore v0.1.21
  [c1ae055f] + RealDot v0.1.0
  [3cdcf5f2] + RecipesBase v1.3.4
  [01d81517] + RecipesPipeline v0.6.12
  [731186ca] + RecursiveArrayTools v4.5.1
  [189a3867] + Reexport v1.2.2
  [05181044] + RelocatableFolders v1.0.1
  [ae029012] + Requires v1.3.1
  [9fe22ead] + RespecializeParams v1.3.0
  [7e49a35a] + RuntimeGeneratedFunctions v0.5.25
  [0bca4576] + SciMLBase v3.50.0
  [19f34311] + SciMLJacobianOperators v0.1.18
  [a6db7da4] + SciMLLogging v2.1.0
  [c0aeaf25] + SciMLOperators v1.30.0
  [431bcebd] + SciMLPublic v1.3.0
  [53ae85a6] + SciMLStructures v1.10.5
  [7e506255] + ScopedValues v1.6.2
  [6c6a2e73] + Scratch v1.3.0
  [91c51154] + SentinelArrays v1.4.10
  [efcf1570] + Setfield v1.1.2
  [992d4aef] + Showoff v1.0.3
  [a2af1166] + SortingAlgorithms v1.2.3
  [dc90abb0] + SparseInverseSubset v0.1.3
  [276daf66] + SpecialFunctions v2.9.0
  [860ef19b] + StableRNGs v1.0.4
  [aedffcd0] + Static v1.4.6
  [0d7ed370] + StaticArrayInterface v1.10.0
  [90137ffa] + StaticArrays v1.9.19
  [1e83bf80] + StaticArraysCore v1.4.4
  [10745b16] + Statistics v1.11.4
  [82ae8749] + StatsAPI v1.8.0
  [2913bbd2] + StatsBase v0.34.13
  [892a3eda] + StringManipulation v0.5.0
  [09ab397b] + StructArrays v0.7.3
  [ec057cc2] + StructUtils v2.8.5
  [2efcf032] + SymbolicIndexingInterface v0.3.55
  [3783bdb8] + TableTraits v1.0.1
  [bd369af6] + Tables v1.14.0
  [62fd8b95] + TensorCore v0.1.1
  [a759f4b9] + TimerOutputs v1.2.0
  [3bb67fe8] + TranscodingStreams v0.11.3
  [781d530d] + TruncatedStacktraces v1.4.0
  [1cfade01] + UnicodeFun v0.4.1
  [013be700] + UnsafeAtomics v0.3.2
  [41fe7b60] + Unzip v0.2.0
  [ea10d353] + WeakRefStrings v1.4.3
  [d49dbf32] + WeightInitializers v1.3.4
  [76eceee3] + WorkerUtilities v1.6.1
  [e88e6eb3] + Zygote v0.7.12
  [700de1a5] + ZygoteRules v0.2.8
  [6e34b625] + Bzip2_jll v1.0.9+0
  [83423d85] + Cairo_jll v1.18.7+0
  [ee1fde0b] + Dbus_jll v1.16.2+0
  [2702e6a9] + EpollShim_jll v0.0.20230411+1
  [2e619515] + Expat_jll v2.8.3+0
⌅ [b22a6f82] + FFMPEG_jll v8.1.2+0
  [a3f928ae] + Fontconfig_jll v2.17.1+0
  [d7e528f0] + FreeType2_jll v2.14.3+1
  [559328eb] + FriBidi_jll v1.0.17+0
  [0656b61e] + GLFW_jll v3.5.1+0
  [d2c73de3] + GR_jll v0.73.27+0
⌅ [b0724c58] + GettextRuntime_jll v0.22.4+0
  [61579ee1] + Ghostscript_jll v9.55.1+0
  [7746bdde] + Glib_jll v2.88.3+0
  [3b182d85] + Graphite2_jll v1.3.16+0
  [2e76f6c2] + HarfBuzz_jll v100.14003.0+0
  [aacddb02] + JpegTurbo_jll v3.2.0+1
  [c1c5ebd0] + LAME_jll v3.100.3+0
  [88015f11] + LERC_jll v4.1.0+0
  [1d63c593] + LLVMOpenMP_jll v22.1.7+0
⌅ [e9f186c6] + Libffi_jll v3.4.7+0
  [7e76a0d4] + Libglvnd_jll v1.7.1+1
  [94ce4f54] + Libiconv_jll v1.18.0+0
  [4b2f31a3] + Libmount_jll v2.42.0+0
  [89763e89] + Libtiff_jll v4.7.3+0
  [38a345b3] + Libuuid_jll v2.42.0+0
  [e7412a2a] + Ogg_jll v1.3.6+0
  [efe28fd5] + OpenSpecFun_jll v0.5.6+0
  [91d4177d] + Opus_jll v1.6.1+0
  [36c8627f] + Pango_jll v1.58.2+0
  [30392449] + Pixman_jll v0.46.4+0
  [c0090381] + Qt6Base_jll v6.10.2+2
  [629bc702] + Qt6Declarative_jll v6.10.2+2
  [ce943373] + Qt6ShaderTools_jll v6.10.2+1
  [6de9746b] + Qt6Svg_jll v6.10.2+0
  [e99dba38] + Qt6Wayland_jll v6.10.2+1
  [a44049a8] + Vulkan_Loader_jll v1.3.243+0
  [a2964d1f] + Wayland_jll v1.24.0+0
  [ffd25f8a] + XZ_jll v5.8.3+0
  [f67eecfb] + Xorg_libICE_jll v1.1.2+0
  [c834827a] + Xorg_libSM_jll v1.2.6+0
  [4f6342f7] + Xorg_libX11_jll v1.8.13+0
  [0c0b7dd1] + Xorg_libXau_jll v1.0.13+0
  [935fb764] + Xorg_libXcursor_jll v1.2.4+0
  [a3789734] + Xorg_libXdmcp_jll v1.1.6+0
  [1082639a] + Xorg_libXext_jll v1.3.8+0
  [d091e8ba] + Xorg_libXfixes_jll v6.0.2+0
  [a51aa0fd] + Xorg_libXi_jll v1.8.4+0
  [d1454406] + Xorg_libXinerama_jll v1.1.7+0
  [ec84b674] + Xorg_libXrandr_jll v1.5.6+0
  [ea2f1a96] + Xorg_libXrender_jll v0.9.12+0
  [a65dc6b1] + Xorg_libpciaccess_jll v0.19.0+0
  [c7cfdc94] + Xorg_libxcb_jll v1.17.1+0
  [cc61e674] + Xorg_libxkbfile_jll v1.2.0+0
  [e920d4aa] + Xorg_xcb_util_cursor_jll v0.1.6+0
  [12413925] + Xorg_xcb_util_image_jll v0.4.1+0
  [2def613f] + Xorg_xcb_util_jll v0.4.1+0
  [975044d2] + Xorg_xcb_util_keysyms_jll v0.4.1+0
  [0d47668e] + Xorg_xcb_util_renderutil_jll v0.3.10+0
  [c22f9ab0] + Xorg_xcb_util_wm_jll v0.4.2+0
  [35661453] + Xorg_xkbcomp_jll v1.4.7+0
  [33bec58e] + Xorg_xkeyboard_config_jll v2.47.0+2
  [c5fb5394] + Xorg_xtrans_jll v1.6.0+0
  [3161d3a3] + Zstd_jll v1.5.7+1
  [35ca27e7] + eudev_jll v3.2.14+0
⌅ [214eeab7] + fzf_jll v0.61.1+0
  [a4ae2306] + libaom_jll v3.14.1+0
  [0ac62f75] + libass_jll v0.17.5+0
  [1183f4f0] + libdecor_jll v0.2.2+0
  [8e53e030] + libdrm_jll v2.4.134+0
  [2db6ffa8] + libevdev_jll v1.13.4+0
  [f638f0a6] + libfdk_aac_jll v2.0.4+0
  [36db933b] + libinput_jll v1.28.1+0
  [b53b4c65] + libpng_jll v1.6.58+0
  [9a156e7d] + libva_jll v2.23.0+0
  [f27f6e37] + libvorbis_jll v1.3.8+0
  [009596ad] + mtdev_jll v1.1.7+0
⌅ [1270edf5] + x264_jll v10164.0.1+0
  [dfaa095f] + x265_jll v4.1.0+0
  [d8fb68d0] + xkbcommon_jll v1.13.0+0
  [0dad84c5] + ArgTools v1.1.2
  [56f22d72] + Artifacts v1.11.0
  [2a0f44e3] + Base64 v1.11.0
  [ade2ca70] + Dates v1.11.0
  [8ba89e20] + Distributed v1.11.0
  [f43a241f] + Downloads v1.7.0
  [7b1f6079] + FileWatching v1.11.0
  [9fa8497b] + Future v1.11.0
  [b77e0a4c] + InteractiveUtils v1.11.0
  [ac6e5ff7] + JuliaSyntaxHighlighting v1.12.0
  [b27032c2] + LibCURL v0.6.4
  [76f85450] + LibGit2 v1.11.0
  [8f399da3] + Libdl v1.11.0
  [37e2e46d] + LinearAlgebra v1.12.0
  [56ddb016] + Logging v1.11.0
  [d6f4376e] + Markdown v1.11.0
  [a63ad114] + Mmap v1.11.0
  [ca575930] + NetworkOptions v1.3.0
  [44cfe95a] + Pkg v1.12.1
  [de0858da] + Printf v1.11.0
  [3fa0cd96] + REPL v1.11.0
  [9a3f8284] + Random v1.11.0
  [ea8e919c] + SHA v0.7.0
  [9e88b42a] + Serialization v1.11.0
  [6462fe0b] + Sockets v1.11.0
  [2f01184e] + SparseArrays v1.12.0
  [f489334b] + StyledStrings v1.11.0
  [4607b0f0] + SuiteSparse
  [fa267f1f] + TOML v1.0.3
  [a4e569a6] + Tar v1.10.0
  [8dfed614] + Test v1.11.0
  [cf7118a7] + UUIDs v1.11.0
  [4ec0a83e] + Unicode v1.11.0
  [e66e0078] + CompilerSupportLibraries_jll v1.3.0+1
  [deac9b47] + LibCURL_jll v8.15.0+0
  [e37daf67] + LibGit2_jll v1.9.0+0
  [29816b5a] + LibSSH2_jll v1.11.3+1
  [14a3606d] + MozillaCACerts_jll v2025.11.4
  [4536629a] + OpenBLAS_jll v0.3.29+0
  [05823500] + OpenLibm_jll v0.8.7+0
  [458c3c95] + OpenSSL_jll v3.5.4+0
  [efcefdf7] + PCRE2_jll v10.44.0+1
  [bea87d4a] + SuiteSparse_jll v7.8.3+2
  [83775a58] + Zlib_jll v1.3.1+2
  [8e850b90] + libblastrampoline_jll v5.15.0+0
  [8e850ede] + nghttp2_jll v1.64.0+1
  [3f19e933] + p7zip_jll v17.7.0+0
        Info Packages marked with ⌅ have new versions available but compatibility constraints restrict them from upgrading. To see why use `status --outdated -m`
Precompiling packages...
   1017.4 ms  ✓ LaTeXStrings
   1013.1 ms  ✓ IteratorInterfaceExtensions
   1054.4 ms  ✓ ExprTools
   1718.9 ms  ✓ ExpressionExplorer
    710.6 ms  ✓ WorkerUtilities
    691.5 ms  ✓ InverseFunctions
    817.8 ms  ✓ Statistics
   1608.1 ms  ✓ FillArrays
    564.3 ms  ✓ DataValueInterfaces
   3294.1 ms  ✓ FunctionWrappers
    626.1 ms  ✓ EnumX
    575.4 ms  ✓ RealDot
    555.6 ms  ✓ CompositionsBase
    681.3 ms  ✓ HashArrayMappedTries
   1180.6 ms  ✓ InlineStrings
   3593.7 ms  ✓ UnsafeAtomics
    835.2 ms  ✓ CodecZlib
   2470.5 ms  ✓ OrderedCollections
    627.8 ms  ✓ InvertedIndices
    545.5 ms  ✓ IfElse
   1004.1 ms  ✓ EnzymeCore
    669.2 ms  ✓ Adapt
    598.2 ms  ✓ FastClosures
    720.3 ms  ✓ StaticArraysCore
    795.9 ms  ✓ CommonSubexpressions
   2412.0 ms  ✓ ConstructionBase
    790.4 ms  ✓ PooledArrays
   1053.4 ms  ✓ SparseInverseSubset
   2399.7 ms  ✓ BFloat16s
   3274.4 ms  ✓ Crayons
   1118.7 ms  ✓ CpuId
    828.1 ms  ✓ TruncatedStacktraces
   2027.3 ms  ✓ SentinelArrays
   2764.7 ms  ✓ StructUtils
    913.8 ms  ✓ LLVMOpenMP_jll
   2392.1 ms  ✓ Compat
    804.1 ms  ✓ libdrm_jll
   1106.7 ms  ✓ JpegTurbo_jll
    997.7 ms  ✓ libaom_jll
    971.0 ms  ✓ Expat_jll
    996.9 ms  ✓ OpenSpecFun_jll
   4207.4 ms  ✓ IRTools
   3509.4 ms  ✓ DispatchDoctor
   1291.1 ms  ✓ MuladdMacro
    748.6 ms  ✓ CommonSolve
   1407.7 ms  ✓ ADTypes
    773.3 ms  ✓ CommonWorldInvalidations
    843.8 ms  ✓ FastPower
    878.2 ms  ✓ SciMLPublic
   1490.8 ms  ✓ BinaryHeaps
   4042.6 ms  ✓ ConcreteStructs
   1198.3 ms  ✓ SciMLLogging
   1474.7 ms  ✓ Glib_jll
    787.1 ms  ✓ Xorg_libXi_jll
    891.5 ms  ✓ Xorg_xkeyboard_config_jll
    926.9 ms  ✓ TableTraits
   6184.4 ms  ✓ StringManipulation
   5321.7 ms  ✓ FindFirstFunctions
   1187.5 ms  ✓ ReactantCore
   1143.5 ms  ✓ InverseFunctions → InverseFunctionsTestExt
    616.7 ms  ✓ InverseFunctions → InverseFunctionsDatesExt
    637.2 ms  ✓ LogExpFunctions → LogExpFunctionsInverseFunctionsExt
   1151.2 ms  ✓ Statistics → SparseArraysExt
   1104.4 ms  ✓ FillArrays → FillArraysStatisticsExt
   1044.5 ms  ✓ FillArrays → FillArraysSparseArraysExt
    797.3 ms  ✓ CompositionsBase → CompositionsBaseInverseFunctionsExt
    654.9 ms  ✓ ScopedValues
   4974.9 ms  ✓ RuntimeGeneratedFunctions
    937.6 ms  ✓ Atomix
   1165.3 ms  ✓ Adapt → AdaptSparseArraysExt
   5050.9 ms  ✓ FixedPointNumbers
    799.2 ms  ✓ GPUArraysCore
   2434.5 ms  ✓ ArrayInterface
    998.4 ms  ✓ EnzymeCore → AdaptExt
   3198.4 ms  ✓ DataStructures
    833.8 ms  ✓ ConstructionBase → ConstructionBaseLinearAlgebraExt
    938.2 ms  ✓ StructUtils → StructUtilsStaticArraysCoreExt
   1065.5 ms  ✓ Compat → CompatLinearAlgebraExt
  13705.8 ms  ✓ Parsers
   1626.4 ms  ✓ Pixman_jll
   4005.3 ms  ✓ ColorTypes
   1693.9 ms  ✓ Libtiff_jll
   2433.9 ms  ✓ Ghostscript_jll
    853.2 ms  ✓ DispatchDoctor → DispatchDoctorEnzymeCoreExt
   2249.4 ms  ✓ Fontconfig_jll
    769.4 ms  ✓ ADTypes → ADTypesEnzymeCoreExt
    709.6 ms  ✓ ADTypes → ADTypesConstructionBaseExt
   4559.8 ms  ✓ SpecialFunctions
   3361.3 ms  ✓ DifferentiationInterface
   3196.8 ms  ✓ FunctionWrappersWrappers
    649.7 ms  ✓ DiffResults
   4085.3 ms  ✓ LuxCore
   1171.5 ms  ✓ ArrayInterface → ArrayInterfaceSparseArraysExt
   2421.9 ms  ✓ MaybeInplace
   4217.7 ms  ✓ Tables
    974.4 ms  ✓ ArrayInterface → ArrayInterfaceGPUArraysCoreExt
   1992.8 ms  ✓ FastBroadcast
    771.6 ms  ✓ ArrayInterface → ArrayInterfaceFillArraysExt
    594.4 ms  ✓ ArrayInterface → ArrayInterfaceStaticArraysCoreExt
  13997.7 ms  ✓ StaticArrays
   1026.3 ms  ✓ SortingAlgorithms
   1933.5 ms  ✓ PreallocationTools
   2583.2 ms  ✓ SciMLStructures
   1927.8 ms  ✓ Setfield
   1617.5 ms  ✓ FilePathsBase
   2743.0 ms  ✓ Functors
   4064.4 ms  ✓ ChainRulesCore
   1036.4 ms  ✓ InlineStrings → ParsersExt
   5612.9 ms  ✓ Accessors
    990.8 ms  ✓ ColorTypes → StyledStringsExt
   4815.4 ms  ✓ ColorVectorSpace
  10942.7 ms  ✓ JSON
   7962.8 ms  ✓ Colors
   7634.9 ms  ✓ Latexify
   4153.4 ms  ✓ Qt6Base_jll
    995.4 ms  ✓ DiffRules
   1576.9 ms  ✓ Cairo_jll
    879.6 ms  ✓ DifferentiationInterface → DifferentiationInterfaceGPUArraysCoreExt
   1069.9 ms  ✓ DifferentiationInterface → DifferentiationInterfaceSparseArraysExt
    883.2 ms  ✓ LuxCore → EnzymeCoreExt
   1281.4 ms  ✓ MaybeInplace → MaybeInplaceSparseArraysExt
   2777.2 ms  ✓ RespecializeParams
    907.8 ms  ✓ StructUtils → StructUtilsTablesExt
   2965.5 ms  ✓ StructArrays
   5216.1 ms  ✓ WeightInitializers
   1236.2 ms  ✓ StaticArrays → StaticArraysStatisticsExt
    940.8 ms  ✓ FillArrays → FillArraysStaticArraysExt
    834.1 ms  ✓ Adapt → AdaptStaticArraysExt
    903.4 ms  ✓ ConstructionBase → ConstructionBaseStaticArraysExt
  27159.2 ms  ✓ Static
    888.0 ms  ✓ DifferentiationInterface → DifferentiationInterfaceStaticArraysExt
    898.0 ms  ✓ PreallocationTools → PreallocationToolsEnzymeCoreExt
   1156.7 ms  ✓ LuxCore → SetfieldExt
   1535.4 ms  ✓ FilePathsBase → FilePathsBaseMmapExt
    669.6 ms  ✓ LuxCore → FunctorsExt
   2400.7 ms  ✓ FilePathsBase → FilePathsBaseTestExt
   1660.4 ms  ✓ MLDataDevices
    923.4 ms  ✓ AbstractFFTs → AbstractFFTsChainRulesCoreExt
   1280.3 ms  ✓ ZygoteRules
   2512.1 ms  ✓ ChainRulesCore → ChainRulesCoreSparseArraysExt
   5951.1 ms  ✓ StatsBase
    691.2 ms  ✓ EnzymeCore → EnzymeCoreChainRulesCoreExt
    772.8 ms  ✓ DispatchDoctor → DispatchDoctorChainRulesCoreExt
   1981.4 ms  ✓ LogExpFunctions → LogExpFunctionsChainRulesCoreExt
    645.8 ms  ✓ ADTypes → ADTypesChainRulesCoreExt
    610.3 ms  ✓ ArrayInterface → ArrayInterfaceChainRulesCoreExt
    678.4 ms  ✓ DifferentiationInterface → DifferentiationInterfaceChainRulesCoreExt
   3436.4 ms  ✓ Optimisers
    787.3 ms  ✓ LuxCore → ChainRulesCoreExt
   1021.2 ms  ✓ Accessors → LinearAlgebraExt
   2581.2 ms  ✓ SpecialFunctions → SpecialFunctionsChainRulesCoreExt
   1620.8 ms  ✓ WeakRefStrings
    975.6 ms  ✓ Accessors → TestExt
   2550.2 ms  ✓ StaticArrays → StaticArraysChainRulesCoreExt
    965.9 ms  ✓ Accessors → StaticArraysExt
   1110.0 ms  ✓ ColorVectorSpace → SpecialFunctionsExt
   1683.0 ms  ✓ Latexify → SparseArraysExt
   1672.4 ms  ✓ Qt6ShaderTools_jll
   1996.2 ms  ✓ Qt6Svg_jll
   1309.6 ms  ✓ StructArrays → StructArraysAdaptExt
   2003.6 ms  ✓ HarfBuzz_jll
   1086.2 ms  ✓ StructArrays → StructArraysSparseArraysExt
    871.0 ms  ✓ StructArrays → StructArraysLinearAlgebraExt
    752.0 ms  ✓ Accessors → StructArraysExt
   2874.8 ms  ✓ StructArrays → StructArraysStaticArraysExt
   7592.2 ms  ✓ ColorSchemes
   1406.1 ms  ✓ WeightInitializers → ChainRulesCoreExt
   1363.1 ms  ✓ CPUSummary
   1134.0 ms  ✓ FastBroadcast → FastBroadcastStaticExt
   8530.6 ms  ✓ ForwardDiff
    856.5 ms  ✓ MLDataDevices → FillArraysExt
   1161.7 ms  ✓ MLDataDevices → ChainRulesCoreExt
   3745.5 ms  ✓ StaticArrayInterface
    826.9 ms  ✓ LuxCore → MLDataDevicesExt
   1226.1 ms  ✓ MLDataDevices → SparseArraysExt
    937.1 ms  ✓ Optimisers → OptimisersEnzymeCoreExt
    771.7 ms  ✓ Optimisers → OptimisersAdaptExt
   9017.1 ms  ✓ KernelAbstractions
   4843.8 ms  ✓ SymbolicIndexingInterface
   2234.1 ms  ✓ libass_jll
   1436.6 ms  ✓ Pango_jll
   8893.4 ms  ✓ SciMLOperators
   5298.0 ms  ✓ Qt6Declarative_jll
   1706.5 ms  ✓ ForwardDiff → ForwardDiffStaticArraysExt
   1214.9 ms  ✓ FastPower → FastPowerForwardDiffExt
   3072.5 ms  ✓ DifferentiationInterface → DifferentiationInterfaceForwardDiffExt
   1989.7 ms  ✓ PreallocationTools → PreallocationToolsForwardDiffExt
   1447.2 ms  ✓ StaticArrayInterface → StaticArrayInterfaceStaticArraysExt
   2748.9 ms  ✓ ComponentArrays
   2019.9 ms  ✓ KernelAbstractions → SparseArraysExt
  14903.8 ms  ✓ ChainRules
  49022.9 ms  ✓ PrettyTables
   1149.9 ms  ✓ KernelAbstractions → LinearAlgebraExt
   1246.6 ms  ✓ KernelAbstractions → EnzymeExt
   1298.9 ms  ✓ StructArrays → StructArraysGPUArraysCoreExt
   2447.8 ms  ✓ GLFW_jll
  19245.0 ms  ✓ PlotUtils
   4401.1 ms  ✓ FFMPEG_jll
   1435.4 ms  ✓ ComponentArrays → ComponentArraysOptimisersExt
   1619.7 ms  ✓ SciMLOperators → SciMLOperatorsSparseArraysExt
   1723.5 ms  ✓ MLDataDevices → ComponentArraysExt
   1527.0 ms  ✓ ArrayInterface → ArrayInterfaceChainRulesExt
   3789.6 ms  ✓ ComponentArrays → ComponentArraysKernelAbstractionsExt
   1543.3 ms  ✓ MLDataDevices → ChainRulesExt
  35330.8 ms  ✓ CSV
  11800.1 ms  ✓ RecursiveArrayTools
   1488.0 ms  ✓ SymbolicIndexingInterface → SymbolicIndexingInterfacePrettyTablesExt
   5094.9 ms  ✓ PlotThemes
  13235.7 ms  ✓ TimerOutputs
  11607.9 ms  ✓ NNlib
   3517.8 ms  ✓ FFMPEG
   1572.2 ms  ✓ RecursiveArrayTools → RecursiveArrayToolsStatisticsExt
   8891.6 ms  ✓ RecipesPipeline
   3601.8 ms  ✓ GR_jll
    913.0 ms  ✓ RecursiveArrayTools → RecursiveArrayToolsFastBroadcastExt
   1044.0 ms  ✓ RecursiveArrayTools → RecursiveArrayToolsStructArraysExt
   1331.0 ms  ✓ RecursiveArrayTools → RecursiveArrayToolsSparseArraysExt
   1023.9 ms  ✓ RecursiveArrayTools → RecursiveArrayToolsTablesExt
   1546.7 ms  ✓ RecursiveArrayTools → RecursiveArrayToolsKernelAbstractionsExt
   1152.8 ms  ✓ RecursiveArrayTools → RecursiveArrayToolsForwardDiffExt
    948.0 ms  ✓ MLDataDevices → RecursiveArrayToolsExt
   1212.7 ms  ✓ ComponentArrays → ComponentArraysRecursiveArrayToolsExt
   2023.3 ms  ✓ NNlib → NNlibEnzymeCoreExt
   1601.4 ms  ✓ NNlib → NNlibSpecialFunctionsExt
   1646.4 ms  ✓ NNlib → NNlibForwardDiffExt
  12329.6 ms  ✓ GR
  15841.7 ms  ✓ LuxLib
   5115.8 ms  ✓ LuxLib → ForwardDiffExt
  27279.2 ms  ✓ SciMLBase
   2396.0 ms  ✓ SciMLBase → SciMLBaseStaticArraysExt
   2143.7 ms  ✓ SciMLBase → SciMLBaseChainRulesCoreExt
   1509.5 ms  ✓ SciMLBase → SciMLBaseDifferentiationInterfaceExt
   4643.8 ms  ✓ SciMLBase → SciMLBaseForwardDiffExt
   2638.4 ms  ✓ ComponentArrays → ComponentArraysSciMLBaseExt
   7042.4 ms  ✓ SciMLJacobianOperators
  79277.5 ms  ✓ Zygote
  35506.3 ms  ✓ Lux
   4236.5 ms  ✓ Zygote → ZygoteColorsExt
   2620.3 ms  ✓ DifferentiationInterface → DifferentiationInterfaceZygoteExt
   2563.8 ms  ✓ MLDataDevices → ZygoteExt
   2874.7 ms  ✓ ComponentArrays → ComponentArraysZygoteExt
   4296.3 ms  ✓ RecursiveArrayTools → RecursiveArrayToolsZygoteExt
  16880.2 ms  ✓ NonlinearSolveBase
   3061.9 ms  ✓ Lux → ComponentArraysExt
   5772.6 ms  ✓ SciMLBase → SciMLBaseZygoteExt
   4946.6 ms  ✓ Lux → ZygoteExt
   2398.5 ms  ✓ NonlinearSolveBase → NonlinearSolveBaseSparseArraysExt
   1999.8 ms  ✓ NonlinearSolveBase → NonlinearSolveBaseChainRulesCoreExt
   3369.6 ms  ✓ BracketingNonlinearSolve
   2922.2 ms  ✓ BracketingNonlinearSolve → BracketingNonlinearSolveForwardDiffExt
  11024.8 ms  ✓ NonlinearSolveBase → NonlinearSolveBaseForwardDiffExt
   2263.7 ms  ✓ BracketingNonlinearSolve → BracketingNonlinearSolveChainRulesCoreExt
 104346.5 ms  ✓ DataFrames
   8908.2 ms  ✓ DiffEqBase
   2067.0 ms  ✓ DiffEqBase → DiffEqBaseChainRulesCoreExt
   2272.7 ms  ✓ DiffEqBase → DiffEqBaseSparseArraysExt
   2772.4 ms  ✓ Latexify → DataFramesExt
   6371.6 ms  ✓ DiffEqBase → DiffEqBaseForwardDiffExt
   5936.6 ms  ✓ OrdinaryDiffEqCore
   2170.3 ms  ✓ OrdinaryDiffEqCore → OrdinaryDiffEqCoreSparseArraysExt
  21082.8 ms  ✓ OrdinaryDiffEqTsit5
 114611.4 ms  ✓ Plots
  41632.9 ms  ✓ OrdinaryDiffEqVerner
  263 dependencies successfully precompiled in 271 seconds. 128 already precompiled.
Status `~/Desktop/development/Cantor/Project.toml`
  [336ed68f] CSV v0.10.17
  [d360d2e6] ChainRulesCore v1.26.1
  [b0b7db55] ComponentArrays v0.15.47
  [a93c6f00] DataFrames v1.8.2
  [f6369f11] ForwardDiff v1.4.5
  [b964fa9f] LaTeXStrings v1.4.1
  [b2108857] Lux v1.31.4
  [3bd65402] Optimisers v0.4.9
  [b1df2697] OrdinaryDiffEqTsit5 v2.1.4
  [79d7bb75] OrdinaryDiffEqVerner v2.4.1
  [91a5bcdd] Plots v1.41.7
  [0bca4576] SciMLBase v3.50.0
  [10745b16] Statistics v1.11.4
  [2913bbd2] StatsBase v0.34.13
  [e88e6eb3] Zygote v0.7.12
  [ade2ca70] Dates v1.11.0
  [37e2e46d] LinearAlgebra v1.12.0
  [56ddb016] Logging v1.11.0
  [de0858da] Printf v1.11.0
  [9a3f8284] Random v1.11.0
  [9e88b42a] Serialization v1.11.0
  [fa267f1f] TOML v1.0.3
  [8dfed614] Test v1.11.0
