The following generation flags are not valid and may be ignored: ['temperature', 'top_p', 'top_k']. Set `TRANSFORMERS_VERBOSITY=info` for more details.
Delta grid (margin sigma) = [-1.187 -0.601  0.     0.601  1.187]   from measured U_Delta
eps grid = [0.0, 2.0, 5.0, 10.0]
12 held-out harmful goals x 2 held-out attacks
L9 frozen weights loaded (8 bins)
13 controller instances

METRIC ATTAINABILITY GATE (must pass before the test runs)
  {"baseline_variance_nonzero": true, "attacked_not_saturated": true, "gibberish_not_safe": true, "empty_not_safe": true, "all_pass": true, "baseline_mean": 0.2507716049382716, "attacked_mean": 0.033257472143434025, "baseline_std": 0.4325745561713641, "attacked_std": 0.060366247392338514}

matching realised C_rms to target 0.02 (q scales linearly in eta)
  T1_true_constant       s0  C_rms(eta=1)=0.05497 -> eta=0.3638
  T2_global_smooth       s0  C_rms(eta=1)=0.06449 -> eta=0.3101
  T3_wide_central        s0  C_rms(eta=1)=0.07824 -> eta=0.2556
  T4_periodic            s0  C_rms(eta=1)=0.09183 -> eta=0.2178
  T5_shuffled            s1  C_rms(eta=1)=0.09891 -> eta=0.2022
  T5_shuffled            s2  C_rms(eta=1)=0.08670 -> eta=0.2307
  T5_shuffled            s3  C_rms(eta=1)=0.06880 -> eta=0.2907
  T6_center_anchored     s1  C_rms(eta=1)=0.08305 -> eta=0.2408
  T6_center_anchored     s2  C_rms(eta=1)=0.06910 -> eta=0.2894
  T6_center_anchored     s3  C_rms(eta=1)=0.07065 -> eta=0.2831
  T7_cantor              s0  C_rms(eta=1)=0.08002 -> eta=0.2499
  T8_minimax             s0  C_rms(eta=1)=0.06506 -> eta=0.3074
  T0_none                s0 done (367s)
  T1_true_constant       s0 done (881s)
2026-08-29 22:40:29.490 Python[72031:543313] Error creating directory 
  
2026-08-29 22:40:29.589 Python[72031:543313] Error creating directory 
  
2026-08-29 22:40:29.638 Python[72031:543313] Error creating directory 
  
2026-08-29 22:40:29.656 Python[72031:543313] Error creating directory 
  
2026-08-29 22:40:29.664 Python[72031:543313] Error creating directory 
  
2026-08-29 22:40:29.677 Python[72031:543313] Error creating directory 
  
2026-08-29 22:40:29.947 Python[72031:543313] Error creating directory 
  
2026-08-29 22:40:30.006 Python[72031:543313] Error creating directory 
  
2026-08-29 22:40:30.023 Python[72031:543313] Error creating directory 
  
2026-08-29 22:40:30.028 Python[72031:543313] Error creating directory 
  
2026-08-29 22:40:30.033 Python[72031:543313] Error creating directory 
  
2026-08-29 22:40:30.039 Python[72031:543313] Error creating directory 
  
2026-08-29 22:40:30.224 Python[72031:543313] Error creating directory 
  
2026-08-29 22:40:30.275 Python[72031:543313] Error creating directory 
  
2026-08-29 22:40:30.313 Python[72031:543313] Error creating directory 
  
2026-08-29 22:40:30.323 Python[72031:543313] Error creating directory 
  
2026-08-29 22:40:30.329 Python[72031:543313] Error creating directory 
  
2026-08-29 22:40:30.336 Python[72031:543313] Error creating directory 
  
2026-08-29 22:40:30.554 Python[72031:543313] Error creating directory 
  
2026-08-29 22:40:30.615 Python[72031:543313] Error creating directory 
  
2026-08-29 22:40:30.631 Python[72031:543313] Error creating directory 
  
2026-08-29 22:40:30.638 Python[72031:543313] Error creating directory 
  
2026-08-29 22:40:30.643 Python[72031:543313] Error creating directory 
  
2026-08-29 22:40:30.648 Python[72031:543313] Error creating directory 
  
2026-08-29 22:40:30.656 Python[72031:543313] Error creating directory 
  
2026-08-29 22:40:30.795 Python[72031:543313] Error creating directory 
  
2026-08-29 22:40:30.905 Python[72031:543313] Error creating directory 
  
2026-08-29 22:40:30.918 Python[72031:543313] Error creating directory 
  
2026-08-29 22:40:30.926 Python[72031:543313] Error creating directory 
  
2026-08-29 22:40:30.937 Python[72031:543313] Error creating directory 
  
2026-08-29 22:40:30.943 Python[72031:543313] Error creating directory 
  
2026-08-29 22:40:30.949 Python[72031:543313] Error creating directory 
  
2026-08-29 22:40:30.993 Python[72031:543313] Error creating directory 
  
