[ Info: wrote 42768 rows → /Users/jaeminahn/Desktop/development/Cantor/results/v3_1/raw/v31_synthetic.csv
L9 weights loaded from FROZEN file (never refitted here)
33 instances × 9 Δ × 6 ε × 4 attacks × 2 x0 × 3 budgets

matching gains on REALISED rms action…
  target 0.15:
    S1_true_constant       0.1512 (+0.8%)
    S2_global_smooth       0.1491 (-0.6%)
    S3_narrow_central      0.1493 (-0.5%)
    S4_wide_central        0.1494 (-0.4%)
    S5_periodic            0.1509 (+0.6%)
    S6_random              0.1496 (-0.3%)
    S7_shuffled            0.1491 (-0.6%)
    S8_center_anchored     0.1494 (-0.4%)
    S9_cantor              0.1530 (+2.0%)
    S10_minimax            0.1512 (+0.8%)
    S11_spline             0.1484 (-1.0%)
  target 0.3:
    S1_true_constant       0.3051 (+1.7%)
    S2_global_smooth       0.3019 (+0.6%)
    S3_narrow_central      0.3033 (+1.1%)
    S4_wide_central        0.2988 (-0.4%)
    S5_periodic            0.3005 (+0.2%)
    S6_random              0.3039 (+1.3%)
    S7_shuffled            0.2999 (-0.0%)
    S8_center_anchored     0.2998 (-0.1%)
    S9_cantor              0.2951 (-1.6%)
    S10_minimax            0.3027 (+0.9%)
    S11_spline             0.2995 (-0.2%)
  target 0.6:
    S1_true_constant       0.5989 (-0.2%)
    S2_global_smooth       0.5923 (-1.3%)
    S3_narrow_central      0.6062 (+1.0%)
    S4_wide_central        0.5957 (-0.7%)
    S5_periodic            0.6084 (+1.4%)
    S6_random              0.5993 (-0.1%)
    S7_shuffled            0.6017 (+0.3%)
    S8_center_anchored     0.5982 (-0.3%)
    S9_cantor              0.6003 (+0.0%)
    S10_minimax            0.5918 (-1.4%)
    S11_spline             0.6011 (+0.2%)

sweep: 42768 simulations on 8 threads
elapsed 181.9 s (4.25 ms/sim)

========================================================================================================
PRIMARY — R_worst = min over (Δ,ε,attack) of graded safe_frac
========================================================================================================

--- realised budget 0.15 ---
controller                R_worst     R_mean     ‖u'‖_inf    worst Δ
S2_global_smooth           0.0531     0.7980          6.0     -0.017
S10_minimax                0.0513     0.7940         80.4     -0.155
S4_wide_central            0.0488     0.7946         13.5     -0.051
S11_spline                 0.0488     0.7924         48.0      0.017
S6_random                  0.0475     0.7789       4428.7     -0.155
S8_center_anchored         0.0470     0.7711       4428.7      0.094
S7_shuffled                0.0469     0.7792       4428.7     -0.155
S1_true_constant           0.0462     0.7603          0.0     -0.155
S9_cantor                  0.0462     0.7720       4428.7      0.000
S5_periodic                0.0450     0.7605       4428.7     -0.155
S0_none                    0.0438     0.6315          0.0     -0.155
S3_narrow_central          0.0438     0.7835         54.0     -0.155

--- realised budget 0.3 ---
controller                R_worst     R_mean     ‖u'‖_inf    worst Δ
S2_global_smooth           0.3331     0.8368          6.0     -0.155
S4_wide_central            0.2606     0.8323         13.5     -0.155
S3_narrow_central          0.0819     0.8155         54.0     -0.155
S11_spline                 0.0700     0.8207         48.0      0.155
S10_minimax                0.0663     0.8245         80.4      0.051
S7_shuffled                0.0528     0.8108       4428.7     -0.155
S1_true_constant           0.0525     0.7985          0.0     -0.155
S6_random                  0.0522     0.8108       4428.7     -0.155
S8_center_anchored         0.0500     0.8065       4428.7      0.155
S9_cantor                  0.0500     0.8067       4428.7      0.000
S5_periodic                0.0462     0.7862       4428.7     -0.155
S0_none                    0.0438     0.6315          0.0     -0.155

--- realised budget 0.6 ---
controller                R_worst     R_mean     ‖u'‖_inf    worst Δ
S2_global_smooth           0.5244     0.8869          6.0     -0.155
S11_spline                 0.5244     0.8795         48.0      0.155
S4_wide_central            0.4387     0.8790         13.5      0.094
S10_minimax                0.4037     0.8629         80.4      0.155
S1_true_constant           0.2606     0.8354          0.0     -0.155
S3_narrow_central          0.2356     0.8562         54.0     -0.155
S7_shuffled                0.1248     0.8207       4428.7      0.094
S6_random                  0.0583     0.8169       4428.7      0.155
S8_center_anchored         0.0525     0.8117       4428.7      0.155
S9_cantor                  0.0500     0.8094       4428.7      0.000
S5_periodic                0.0462     0.7870       4428.7     -0.155
S0_none                    0.0438     0.6315          0.0     -0.155
